server/controllers/auth.controller.ts(5,10): error TS2305: Module '"@prisma/client"' has no exported member 'RoleEnum'.
server/controllers/auth.controller.ts(121,35): error TS2339: Property 'errors' does not exist on type 'ZodError<unknown>'.
server/controllers/auth.controller.ts(122,66): error TS2339: Property 'errors' does not exist on type 'ZodError<unknown>'.
server/controllers/auth.controller.ts(244,35): error TS2339: Property 'errors' does not exist on type 'ZodError<unknown>'.
server/controllers/auth.controller.ts(430,35): error TS2339: Property 'errors' does not exist on type 'ZodError<unknown>'.
server/controllers/company.controller.ts(125,58): error TS2339: Property 'errors' does not exist on type 'ZodError<unknown>'.
server/controllers/company.controller.ts(158,58): error TS2339: Property 'errors' does not exist on type 'ZodError<unknown>'.
server/controllers/company.controller.ts(218,58): error TS2339: Property 'errors' does not exist on type 'ZodError<unknown>'.
server/controllers/import.controller.ts(3,8): error TS2300: Duplicate identifier 'prisma'.
server/controllers/import.controller.ts(4,8): error TS2300: Duplicate identifier 'prisma'.
server/controllers/import.controller.ts(16,32): error TS2304: Cannot find name 'AccountingEngine'.
server/controllers/inventory.controller.ts(9,32): error TS2304: Cannot find name 'AuthRequest'.
server/controllers/inventory.controller.ts(10,48): error TS2339: Property 'query' does not exist on type 'Request'.
server/controllers/inventory.controller.ts(41,18): error TS2554: Expected 0 arguments, but got 1.
server/controllers/inventory.controller.ts(43,13): error TS2349: This expression is not callable.
  Type 'Number' has no call signatures.
server/controllers/inventory.controller.ts(166,13): error TS2349: This expression is not callable.
  Type 'Number' has no call signatures.
server/controllers/inventory.controller.ts(170,13): error TS2349: This expression is not callable.
  Type 'Number' has no call signatures.
server/controllers/inventory.controller.ts(176,32): error TS2304: Cannot find name 'AuthRequest'.
server/controllers/inventory.controller.ts(177,59): error TS2339: Property 'query' does not exist on type 'Request'.
server/controllers/inventory.controller.ts(200,18): error TS2554: Expected 0 arguments, but got 1.
server/controllers/inventory.controller.ts(210,13): error TS2349: This expression is not callable.
  Type 'Number' has no call signatures.
server/controllers/invoice.controller.ts(323,13): error TS2322: Type 'string' is not assignable to type 'StatusPembayaran | EnumStatusPembayaranFilter<"Transaksi"> | undefined'.
server/controllers/product.controller.ts(150,58): error TS2339: Property 'errors' does not exist on type 'ZodError<unknown>'.
server/controllers/product.controller.ts(193,58): error TS2339: Property 'errors' does not exist on type 'ZodError<unknown>'.
server/routes/inventory.routes.ts(13,22): error TS2769: No overload matches this call.
  The last overload gave the following error.
    Argument of type '(req: Request, res: Response) => Promise<void>' is not assignable to parameter of type 'Application<Record<string, any>>'.
      Type '(req: Request, res: Response) => Promise<void>' is missing the following properties from type 'Application<Record<string, any>>': init, defaultConfiguration, engine, set, and 63 more.
server/routes/inventory.routes.ts(14,26): error TS2769: No overload matches this call.
  The last overload gave the following error.
    Argument of type '(req: Request, res: Response) => Promise<void>' is not assignable to parameter of type 'Application<Record<string, any>>'.
      Type '(req: Request, res: Response) => Promise<void>' is missing the following properties from type 'Application<Record<string, any>>': init, defaultConfiguration, engine, set, and 63 more.
server/routes/inventory.routes.ts(15,25): error TS2769: No overload matches this call.
  The last overload gave the following error.
    Argument of type '(req: Request, res: Response) => Promise<void>' is not assignable to parameter of type 'Application<Record<string, any>>'.
      Type '(req: Request, res: Response) => Promise<void>' is missing the following properties from type 'Application<Record<string, any>>': init, defaultConfiguration, engine, set, and 63 more.
